Reading package lists...
Building dependency tree...
Reading state information...
Solving dependencies...
The following additional packages will be installed:
  libglib2.0-data
The following NEW packages will be installed:
  libglib2.0-bin libglib2.0-data
0 upgraded, 2 newly installed, 0 to remove and 15 not upgraded.
Need to get 137 kB of archives.
After this operation, 483 kB of additional disk space will be used.
Get:1 http://archive.ubuntu.com/ubuntu resolute/main amd64 libglib2.0-data all 2.88.0-1 [37.8 kB]
Get:2 http://archive.ubuntu.com/ubuntu resolute/main amd64 libglib2.0-bin amd64 2.88.0-1 [99.4 kB]
Fetched 137 kB in 1s (202 kB/s)
E: Can not write log (Is /dev/pts mounted?) - posix_openpt (19: No such device)
Selecting previously unselected package libglib2.0-data.
(Reading database ... 43021 files and directories currently installed.)
Preparing to unpack .../libglib2.0-data_2.88.0-1_all.deb ...
Unpacking libglib2.0-data (2.88.0-1) ...
Selecting previously unselected package libglib2.0-bin.
Preparing to unpack .../libglib2.0-bin_2.88.0-1_amd64.deb ...
Unpacking libglib2.0-bin (2.88.0-1) ...
Setting up libglib2.0-data (2.88.0-1) ...
Setting up libglib2.0-bin (2.88.0-1) ...
