Get:1 http://archive.ubuntu.com/ubuntu resolute InRelease [136 kB]
Get:2 http://archive.ubuntu.com/ubuntu resolute-updates InRelease [137 kB]
Get:3 http://archive.ubuntu.com/ubuntu resolute/main amd64 Packages [1480 kB]
Get:4 http://archive.ubuntu.com/ubuntu resolute/main Translation-en [524 kB]
Get:5 http://archive.ubuntu.com/ubuntu resolute/universe amd64 Packages [16.0 MB]
Get:6 http://archive.ubuntu.com/ubuntu resolute/universe Translation-en [6329 kB]
Get:7 http://archive.ubuntu.com/ubuntu resolute/restricted amd64 Packages [152 kB]
Get:8 http://archive.ubuntu.com/ubuntu resolute/restricted Translation-en [25.8 kB]
Get:9 http://archive.ubuntu.com/ubuntu resolute/multiverse amd64 Packages [290 kB]
Get:10 http://archive.ubuntu.com/ubuntu resolute/multiverse Translation-en [127 kB]
Get:11 http://archive.ubuntu.com/ubuntu resolute-updates/main amd64 Packages [562 kB]
Get:12 http://archive.ubuntu.com/ubuntu resolute-updates/main Translation-en [133 kB]
Get:13 http://archive.ubuntu.com/ubuntu resolute-updates/universe amd64 Packages [262 kB]
Get:14 http://archive.ubuntu.com/ubuntu resolute-updates/universe Translation-en [85.9 kB]
Get:15 http://archive.ubuntu.com/ubuntu resolute-updates/restricted amd64 Packages [371 kB]
Get:16 http://archive.ubuntu.com/ubuntu resolute-updates/restricted Translation-en [71.7 kB]
Get:17 http://archive.ubuntu.com/ubuntu resolute-updates/multiverse amd64 Packages [11.3 kB]
Get:18 http://archive.ubuntu.com/ubuntu resolute-updates/multiverse Translation-en [3032 B]
Fetched 26.7 MB in 4s (6600 kB/s)
Reading package lists...
