xorriso 1.5.6 : RockRidge filesystem manipulator, libburnia project.

Drive current: -outdev 'stdio:zaldros-legacy.iso'
Media current: stdio file, overwriteable
Media status : is blank
Media summary: 0 sessions, 0 data blocks, 0 data, 80.3g free
Added to ISO image: directory '/'='/tmp/grub.Qz8Lk9'
xorriso : UPDATE :     588 files added in 1 seconds
Added to ISO image: directory '/'='/tmp/tmp.ZB6WDrqu3w/iso'
xorriso : UPDATE :     595 files added in 1 seconds
xorriso : NOTE : Copying to System Area: 512 bytes from file '/usr/lib/grub/i386-pc/boot_hybrid.img'
libisofs: NOTE : Automatically adjusted MBR geometry to 1019/159/32
xorriso : UPDATE :  0.00% done
xorriso : UPDATE :  42.78% done
xorriso : UPDATE :  52.82% done, estimate finish Mon Aug 31 17:26:12 2026
xorriso : UPDATE :  60.80% done, estimate finish Mon Aug 31 17:26:13 2026
xorriso : UPDATE :  67.44% done, estimate finish Mon Aug 31 17:26:14 2026
xorriso : UPDATE :  74.57% done, estimate finish Mon Aug 31 17:26:15 2026
xorriso : UPDATE :  82.36% done, estimate finish Mon Aug 31 17:26:16 2026
xorriso : UPDATE :  90.95% done
ISO image produced: 1295213 sectors
Written to medium : 1295213 sectors at LBA 0
Writing to 'stdio:zaldros-legacy.iso' completed successfully.

