Reading package lists...
Building dependency tree...
Reading state information...
ca-certificates is already the newest version (20260601~26.04.1).
Solving dependencies...
The following additional packages will be installed:
  git-man liberror-perl libgdbm-compat4t64 libgdbm6t64 libperl5.40 perl
  perl-base perl-modules-5.40
Suggested packages:
  gettext-base git-doc git-email git-gui gitk gitweb git-cvs git-svn gdbm-l10n
  perl-doc libterm-readline-gnu-perl | libterm-readline-perl-perl make
  libtap-harness-archive-perl
Recommended packages:
  patch ssh-client
The following NEW packages will be installed:
  git git-man gtk-update-icon-cache liberror-perl libgdbm-compat4t64
  libgdbm6t64 libperl5.40 perl perl-modules-5.40 xz-utils
The following packages will be upgraded:
  perl-base
1 upgraded, 10 newly installed, 0 to remove and 14 not upgraded.
Need to get 16.1 MB of archives.
After this operation, 81.0 MB of additional disk space will be used.
Get:1 http://archive.ubuntu.com/ubuntu resolute-updates/main amd64 perl-base amd64 5.40.1-7ubuntu0.1 [1844 kB]
Get:2 http://archive.ubuntu.com/ubuntu resolute/main amd64 libgdbm6t64 amd64 1.26-1build1 [36.5 kB]
Get:3 http://archive.ubuntu.com/ubuntu resolute/main amd64 xz-utils amd64 5.8.3-1 [406 kB]
Get:4 http://archive.ubuntu.com/ubuntu resolute-updates/main amd64 perl-modules-5.40 all 5.40.1-7ubuntu0.1 [3212 kB]
Get:5 http://archive.ubuntu.com/ubuntu resolute/main amd64 libgdbm-compat4t64 amd64 1.26-1build1 [6796 B]
Get:6 http://archive.ubuntu.com/ubuntu resolute-updates/main amd64 libperl5.40 amd64 5.40.1-7ubuntu0.1 [4885 kB]
Get:7 http://archive.ubuntu.com/ubuntu resolute-updates/main amd64 perl amd64 5.40.1-7ubuntu0.1 [262 kB]
Get:8 http://archive.ubuntu.com/ubuntu resolute/main amd64 liberror-perl all 0.17030-1 [23.5 kB]
Get:9 http://archive.ubuntu.com/ubuntu resolute/main amd64 git-man all 1:2.53.0-1ubuntu1 [1202 kB]
Get:10 http://archive.ubuntu.com/ubuntu resolute/main amd64 git amd64 1:2.53.0-1ubuntu1 [4227 kB]
Get:11 http://archive.ubuntu.com/ubuntu resolute-updates/main amd64 gtk-update-icon-cache amd64 4.22.4+ds-0ubuntu0.1 [42.7 kB]
Fetched 16.1 MB in 3s (6358 kB/s)
E: Can not write log (Is /dev/pts mounted?) - posix_openpt (19: No such device)
(Reading database ... 43047 files and directories currently installed.)
Preparing to unpack .../perl-base_5.40.1-7ubuntu0.1_amd64.deb ...
Unpacking perl-base (5.40.1-7ubuntu0.1) over (5.40.1-7build1) ...
Setting up perl-base (5.40.1-7ubuntu0.1) ...
Selecting previously unselected package libgdbm6t64:amd64.
(Reading database ... 43047 files and directories currently installed.)
Preparing to unpack .../0-libgdbm6t64_1.26-1build1_amd64.deb ...
Unpacking libgdbm6t64:amd64 (1.26-1build1) ...
Selecting previously unselected package xz-utils.
Preparing to unpack .../1-xz-utils_5.8.3-1_amd64.deb ...
Unpacking xz-utils (5.8.3-1) ...
Selecting previously unselected package perl-modules-5.40.
Preparing to unpack .../2-perl-modules-5.40_5.40.1-7ubuntu0.1_all.deb ...
Unpacking perl-modules-5.40 (5.40.1-7ubuntu0.1) ...
Selecting previously unselected package libgdbm-compat4t64:amd64.
Preparing to unpack .../3-libgdbm-compat4t64_1.26-1build1_amd64.deb ...
Unpacking libgdbm-compat4t64:amd64 (1.26-1build1) ...
Selecting previously unselected package libperl5.40:amd64.
Preparing to unpack .../4-libperl5.40_5.40.1-7ubuntu0.1_amd64.deb ...
Unpacking libperl5.40:amd64 (5.40.1-7ubuntu0.1) ...
Selecting previously unselected package perl.
Preparing to unpack .../5-perl_5.40.1-7ubuntu0.1_amd64.deb ...
Unpacking perl (5.40.1-7ubuntu0.1) ...
Selecting previously unselected package liberror-perl.
Preparing to unpack .../6-liberror-perl_0.17030-1_all.deb ...
Unpacking liberror-perl (0.17030-1) ...
Selecting previously unselected package git-man.
Preparing to unpack .../7-git-man_1%3a2.53.0-1ubuntu1_all.deb ...
Unpacking git-man (1:2.53.0-1ubuntu1) ...
Selecting previously unselected package git.
Preparing to unpack .../8-git_1%3a2.53.0-1ubuntu1_amd64.deb ...
Unpacking git (1:2.53.0-1ubuntu1) ...
Selecting previously unselected package gtk-update-icon-cache.
Preparing to unpack .../9-gtk-update-icon-cache_4.22.4+ds-0ubuntu0.1_amd64.deb ...
No diversion 'diversion of /usr/sbin/update-icon-caches to /usr/sbin/update-icon-caches.gtk2 by libgtk-3-bin', none removed.
No diversion 'diversion of /usr/share/man/man8/update-icon-caches.8.gz to /usr/share/man/man8/update-icon-caches.gtk2.8.gz by libgtk-3-bin', none removed.
Unpacking gtk-update-icon-cache (4.22.4+ds-0ubuntu0.1) ...
Setting up gtk-update-icon-cache (4.22.4+ds-0ubuntu0.1) ...
Setting up libgdbm6t64:amd64 (1.26-1build1) ...
Setting up libgdbm-compat4t64:amd64 (1.26-1build1) ...
Setting up xz-utils (5.8.3-1) ...
Setting up perl-modules-5.40 (5.40.1-7ubuntu0.1) ...
Setting up git-man (1:2.53.0-1ubuntu1) ...
Setting up libperl5.40:amd64 (5.40.1-7ubuntu0.1) ...
Setting up perl (5.40.1-7ubuntu0.1) ...
Setting up liberror-perl (0.17030-1) ...
Setting up git (1:2.53.0-1ubuntu1) ...
Processing triggers for libc-bin (2.43-2ubuntu2.3) ...
Fluent-icon-theme @ c8a244f (cursors/ only)
next: install-visual-theme.sh --dest <rootfs> --cursors /usr/src/Fluent-icon-theme
installed: icon theme Zaldros (ours) + cursor theme Fluent-dark-cursors (Fluent, GPL-3) into /
